[debug] [2025-08-01T12:00:42.474Z] ----------------------------------------------------------------------
[debug] [2025-08-01T12:00:42.479Z] Command:       D:\Node.js\node.exe C:\Users\SEO 2\AppData\Roaming\npm\node_modules\firebase-tools\lib\bin\firebase.js init
[debug] [2025-08-01T12:00:42.480Z] CLI Version:   14.11.2
[debug] [2025-08-01T12:00:42.480Z] Platform:      win32
[debug] [2025-08-01T12:00:42.481Z] Node Version:  v24.1.0
[debug] [2025-08-01T12:00:42.481Z] Time:          Fri Aug 01 2025 17:30:42 GMT+0530 (India Standard Time)
[debug] [2025-08-01T12:00:42.481Z] ----------------------------------------------------------------------
[debug] 
[debug] [2025-08-01T12:00:42.484Z] >>> [apiv2][query] GET https://firebase-public.firebaseio.com/cli.json [none]
[debug] [2025-08-01T12:00:42.567Z] > command requires scopes: ["email","openid","https://www.googleapis.com/auth/cloudplatformprojects.readonly","https://www.googleapis.com/auth/firebase","https://www.googleapis.com/auth/cloud-platform"]
[debug] [2025-08-01T12:00:42.567Z] > authorizing via signed-in user (wiseglobalresearchservice@gmail.com)
[info] 
     ######## #### ########  ######## ########     ###     ######  ########
     ##        ##  ##     ## ##       ##     ##  ##   ##  ##       ##
     ######    ##  ########  ######   ########  #########  ######  ######
     ##        ##  ##    ##  ##       ##     ## ##     ##       ## ##
     ##       #### ##     ## ######## ########  ##     ##  ######  ########

You're about to initialize a Firebase project in this directory:

  D:\React\wise-global

[debug] [2025-08-01T12:00:43.250Z] <<< [apiv2][status] GET https://firebase-public.firebaseio.com/cli.json 200
[debug] [2025-08-01T12:00:43.250Z] <<< [apiv2][body] GET https://firebase-public.firebaseio.com/cli.json {"cloudBuildErrorAfter":1594252800000,"cloudBuildWarnAfter":1590019200000,"defaultNode10After":1594252800000,"minVersion":"3.0.5","node8DeploysDisabledAfter":1613390400000,"node8RuntimeDisabledAfter":1615809600000,"node8WarnAfter":1600128000000}
[info] 
=== Project Setup
[info] 
[info] First, let's associate this project directory with a Firebase project.
[info] You can create multiple project aliases by running firebase use --add, 
[info] but for now we'll just set up a default project.
[info] 
[debug] [2025-08-01T12:01:12.121Z] Using project from CLI flag: wise-global-services
[debug] [2025-08-01T12:01:12.122Z] Checked if tokens are valid: false, expires at: 1753679095302
[debug] [2025-08-01T12:01:12.122Z] Checked if tokens are valid: false, expires at: 1753679095302
[debug] [2025-08-01T12:01:12.122Z] > refreshing access token with scopes: []
[debug] [2025-08-01T12:01:12.124Z] >>> [apiv2][query] POST https://www.googleapis.com/oauth2/v3/token [none]
[debug] [2025-08-01T12:01:12.124Z] >>> [apiv2][body] POST https://www.googleapis.com/oauth2/v3/token [omitted]
[debug] [2025-08-01T12:01:12.334Z] <<< [apiv2][status] POST https://www.googleapis.com/oauth2/v3/token 200
[debug] [2025-08-01T12:01:12.335Z] <<< [apiv2][body] POST https://www.googleapis.com/oauth2/v3/token [omitted]
[debug] [2025-08-01T12:01:12.390Z] >>> [apiv2][query] GET https://firebase.googleapis.com/v1beta1/projects/wise-global-services [none]
[debug] [2025-08-01T12:01:13.704Z] <<< [apiv2][status] GET https://firebase.googleapis.com/v1beta1/projects/wise-global-services 200
[debug] [2025-08-01T12:01:13.704Z] <<< [apiv2][body] GET https://firebase.googleapis.com/v1beta1/projects/wise-global-services {"projectId":"wise-global-services","projectNumber":"652409987561","displayName":"wise-global-services","name":"projects/wise-global-services","resources":{"hostingSite":"wise-global-services","realtimeDatabaseInstance":"wise-global-services-default-rtdb"},"state":"ACTIVE","etag":"1_6031a104-dff6-4b96-9eaa-e11ff20b4a08"}
[info] i  Using project wise-global-services (wise-global-services) 
[info] 
=== Hosting Setup
[debug] [2025-08-01T12:01:13.766Z] Checked if tokens are valid: true, expires at: 1754053271335
[debug] [2025-08-01T12:01:13.766Z] Checked if tokens are valid: true, expires at: 1754053271335
[debug] [2025-08-01T12:01:13.767Z] >>> [apiv2][query] GET https://firebase.googleapis.com/v1beta1/projects/wise-global-services [none]
[debug] [2025-08-01T12:01:15.003Z] <<< [apiv2][status] GET https://firebase.googleapis.com/v1beta1/projects/wise-global-services 200
[debug] [2025-08-01T12:01:15.004Z] <<< [apiv2][body] GET https://firebase.googleapis.com/v1beta1/projects/wise-global-services {"projectId":"wise-global-services","projectNumber":"652409987561","displayName":"wise-global-services","name":"projects/wise-global-services","resources":{"hostingSite":"wise-global-services","realtimeDatabaseInstance":"wise-global-services-default-rtdb"},"state":"ACTIVE","etag":"1_6031a104-dff6-4b96-9eaa-e11ff20b4a08"}
[info] 
[info] Your public directory is the folder (relative to your project directory) that
[info] will contain Hosting assets to be uploaded with firebase deploy. If you
[info] have a build process for your assets, use your build's output directory.
[info] 
[debug] [2025-08-01T12:01:25.588Z] >>> [apiv2][query] GET https://www.gstatic.com/firebasejs/releases.json [none]
[debug] [2025-08-01T12:01:25.693Z] <<< [apiv2][status] GET https://www.gstatic.com/firebasejs/releases.json 200
[debug] [2025-08-01T12:01:25.693Z] <<< [apiv2][body] GET https://www.gstatic.com/firebasejs/releases.json {"current":{"version":"12.0.0","browserURL":"https://www.gstatic.com/firebasejs/12.0.0/firebase.js","packageURL":"https://www.gstatic.com/firebasejs/12.0.0/firebase.tgz"},"live":{"version":"12.0","browserURL":"https://www.gstatic.com/firebasejs/live/12.0/firebase.js","packageURL":"https://www.gstatic.com/firebasejs/live/12.0/firebase.tgz"},"components":{"ai":"https://www.gstatic.com/firebasejs/12.0.0/firebase-ai.js","analytics":"https://www.gstatic.com/firebasejs/12.0.0/firebase-analytics.js","app":"https://www.gstatic.com/firebasejs/12.0.0/firebase-app.js","app-check":"https://www.gstatic.com/firebasejs/12.0.0/firebase-app-check.js","auth":"https://www.gstatic.com/firebasejs/12.0.0/firebase-auth.js","auth/cordova":"https://www.gstatic.com/firebasejs/12.0.0/firebase-auth/cordova.js","auth/web-extension":"https://www.gstatic.com/firebasejs/12.0.0/firebase-auth/web-extension.js","functions":"https://www.gstatic.com/firebasejs/12.0.0/firebase-functions.js","firestore":"https://www.gstatic.com/firebasejs/12.0.0/firebase-firestore.js","firestore/lite":"https://www.gstatic.com/firebasejs/12.0.0/firebase-firestore/lite.js","installations":"https://www.gstatic.com/firebasejs/12.0.0/firebase-installations.js","storage":"https://www.gstatic.com/firebasejs/12.0.0/firebase-storage.js","performance":"https://www.gstatic.com/firebasejs/12.0.0/firebase-performance.js","remote-config":"https://www.gstatic.com/firebasejs/12.0.0/firebase-remote-config.js","messaging":"https://www.gstatic.com/firebasejs/12.0.0/firebase-messaging.js","messaging/sw":"https://www.gstatic.com/firebasejs/12.0.0/firebase-messaging/sw.js","database":"https://www.gstatic.com/firebasejs/12.0.0/firebase-database.js","data-connect":"https://www.gstatic.com/firebasejs/12.0.0/firebase-data-connect.js","firestore.memory":"https://www.gstatic.com/firebasejs/12.0.0/firebase-firestore.memory.js"}}
[info] +  Wrote y/index.html 
[info] 
[info] i  Detected a .git folder at D:\React\wise-global 
[info] i  Authorizing with GitHub to upload your service account to a GitHub repository's secrets store. 
[info] 
[info] Visit this URL on this device to log in:
[info] https://github.com/login/oauth/authorize?client_id=89cf50f02ac6aaed3484&state=463863355&redirect_uri=http%3A%2F%2Flocalhost%3A9005&scope=read%3Auser%20repo%20public_repo
[info] 
[info] Waiting for authentication...
[debug] [2025-08-01T12:02:08.480Z] >>> [apiv2][query] POST https://github.com/login/oauth/access_token [none]
[debug] [2025-08-01T12:02:08.481Z] >>> [apiv2][body] POST https://github.com/login/oauth/access_token [stream]
[debug] [2025-08-01T12:02:09.066Z] <<< [apiv2][status] POST https://github.com/login/oauth/access_token 200
[debug] [2025-08-01T12:02:09.066Z] <<< [apiv2][body] POST https://github.com/login/oauth/access_token {"access_token":"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","token_type":"bearer","scope":"read:user,repo"}
[debug] [2025-08-01T12:02:09.070Z] >>> [apiv2][query] GET https://api.github.com/user [none]
[debug] [2025-08-01T12:02:09.657Z] <<< [apiv2][status] GET https://api.github.com/user 200
[debug] [2025-08-01T12:02:09.658Z] <<< [apiv2][body] GET https://api.github.com/user {"login":"Durgesh122","id":93756599,"node_id":"U_kgDOBZactw","avatar_url":"https://avatars.githubusercontent.com/u/93756599?v=4","gravatar_id":"","url":"https://api.github.com/users/Durgesh122","html_url":"https://github.com/Durgesh122","followers_url":"https://api.github.com/users/Durgesh122/followers","following_url":"https://api.github.com/users/Durgesh122/following{/other_user}","gists_url":"https://api.github.com/users/Durgesh122/gists{/gist_id}","starred_url":"https://api.github.com/users/Durgesh122/starred{/owner}{/repo}","subscriptions_url":"https://api.github.com/users/Durgesh122/subscriptions","organizations_url":"https://api.github.com/users/Durgesh122/orgs","repos_url":"https://api.github.com/users/Durgesh122/repos","events_url":"https://api.github.com/users/Durgesh122/events{/privacy}","received_events_url":"https://api.github.com/users/Durgesh122/received_events","type":"User","user_view_type":"private","site_admin":false,"name":"Durgesh Rathor","company":"Wise Global ","blog":"file:///C:/Users/lenovo/Desktop/Durgesh%20Rathor%20Update%20Resume.pdf","location":"Indore","email":null,"hireable":null,"bio":"My name is Durgesh  Rathor I Am A React Native and React js Developer ","twitter_username":null,"notification_email":null,"public_repos":8,"public_gists":0,"followers":0,"following":0,"created_at":"2021-11-05T05:53:01Z","updated_at":"2025-08-01T11:00:09Z","private_gists":0,"total_private_repos":0,"owned_private_repos":0,"disk_usage":256479,"collaborators":0,"two_factor_authentication":false,"plan":{"name":"free","space":976562499,"collaborators":0,"private_repos":10000}}
[info] 
[info] +  Success! Logged into GitHub as Durgesh122 
[info] 
[debug] [2025-08-01T12:03:09.627Z] >>> [apiv2][query] GET https://api.github.com/repos/wise-global/actions/secrets/public-key type=owner
[debug] [2025-08-01T12:03:09.996Z] <<< [apiv2][status] GET https://api.github.com/repos/wise-global/actions/secrets/public-key 404
[debug] [2025-08-01T12:03:09.996Z] <<< [apiv2][body] GET https://api.github.com/repos/wise-global/actions/secrets/public-key {"message":"Not Found","documentation_url":"https://docs.github.com/rest","status":"404"}
[info] 
[info] 
[error] !  The provided authorization cannot be used with this repository. If this repository is in an organization, did you remember to grant access? 
[info] 
[info] i  Action required: Visit this URL to ensure access has been granted to the appropriate organization(s) for the Firebase CLI GitHub OAuth App: 
[info] https://github.com/settings/connections/applications/89cf50f02ac6aaed3484
[info] 
[debug] [2025-08-01T12:03:19.100Z] >>> [apiv2][query] GET https://api.github.com/repos/wise-global/actions/secrets/public-key type=owner
[debug] [2025-08-01T12:03:19.540Z] <<< [apiv2][status] GET https://api.github.com/repos/wise-global/actions/secrets/public-key 404
[debug] [2025-08-01T12:03:19.540Z] <<< [apiv2][body] GET https://api.github.com/repos/wise-global/actions/secrets/public-key {"message":"Not Found","documentation_url":"https://docs.github.com/rest","status":"404"}
[info] 
[info] 
[error] !  The provided authorization cannot be used with this repository. If this repository is in an organization, did you remember to grant access? 
[info] 
[info] i  Action required: Visit this URL to ensure access has been granted to the appropriate organization(s) for the Firebase CLI GitHub OAuth App: 
[info] https://github.com/settings/connections/applications/89cf50f02ac6aaed3484
[info] 
[debug] [2025-08-01T12:03:25.803Z] >>> [apiv2][query] GET https://api.github.com/repos/wise-globaln/actions/secrets/public-key type=owner
[debug] [2025-08-01T12:03:26.270Z] <<< [apiv2][status] GET https://api.github.com/repos/wise-globaln/actions/secrets/public-key 404
[debug] [2025-08-01T12:03:26.270Z] <<< [apiv2][body] GET https://api.github.com/repos/wise-globaln/actions/secrets/public-key {"message":"Not Found","documentation_url":"https://docs.github.com/rest","status":"404"}
[info] 
[info] 
[error] !  The provided authorization cannot be used with this repository. If this repository is in an organization, did you remember to grant access? 
[info] 
[info] i  Action required: Visit this URL to ensure access has been granted to the appropriate organization(s) for the Firebase CLI GitHub OAuth App: 
[info] https://github.com/settings/connections/applications/89cf50f02ac6aaed3484
[info] 
[debug] [2025-08-01T12:03:26.843Z] >>> [apiv2][query] GET https://api.github.com/repos/wise-globaln/actions/secrets/public-key type=owner
[debug] [2025-08-01T12:03:27.172Z] <<< [apiv2][status] GET https://api.github.com/repos/wise-globaln/actions/secrets/public-key 404
[debug] [2025-08-01T12:03:27.172Z] <<< [apiv2][body] GET https://api.github.com/repos/wise-globaln/actions/secrets/public-key {"message":"Not Found","documentation_url":"https://docs.github.com/rest","status":"404"}
[info] 
[info] 
[error] !  The provided authorization cannot be used with this repository. If this repository is in an organization, did you remember to grant access? 
[info] 
[info] i  Action required: Visit this URL to ensure access has been granted to the appropriate organization(s) for the Firebase CLI GitHub OAuth App: 
[info] https://github.com/settings/connections/applications/89cf50f02ac6aaed3484
[info] 
